MPLINK 4.49, Linker
Linker Map File - Created Wed Aug 21 17:51:13 2019

                                 Section Info
                  Section       Type    Address   Location Size(Bytes)
                ---------  ---------  ---------  ---------  ---------
                   .org_0       code   0x000000    program   0x000000
                   .org_1       code   0x000000    program   0x000040



                              Program Memory Usage 
                               Start         End      
                           ---------   ---------      
                            0x000000    0x00001f      
            32 out of 8454 program addresses used, program memory utilization is 0%



                              Symbols - Sorted by Name
                     Name    Address   Location    Storage File                     
                ---------  ---------  ---------  --------- ---------                
                    CHECK   0x00000b    program     static C:\Users\ahmet\OneDrive\Masaüstü\PIC\odevler\ekran\ekran.asm
                   RESUME   0x00000e    program     static C:\Users\ahmet\OneDrive\Masaüstü\PIC\odevler\ekran\ekran.asm
                    START   0x000001    program     static C:\Users\ahmet\OneDrive\Masaüstü\PIC\odevler\ekran\ekran.asm
                     WAIT   0x00001d    program     static C:\Users\ahmet\OneDrive\Masaüstü\PIC\odevler\ekran\ekran.asm



                              Symbols - Sorted by Address
                     Name    Address   Location    Storage File                     
                ---------  ---------  ---------  --------- ---------                
                    START   0x000001    program     static C:\Users\ahmet\OneDrive\Masaüstü\PIC\odevler\ekran\ekran.asm
                    CHECK   0x00000b    program     static C:\Users\ahmet\OneDrive\Masaüstü\PIC\odevler\ekran\ekran.asm
                   RESUME   0x00000e    program     static C:\Users\ahmet\OneDrive\Masaüstü\PIC\odevler\ekran\ekran.asm
                     WAIT   0x00001d    program     static C:\Users\ahmet\OneDrive\Masaüstü\PIC\odevler\ekran\ekran.asm


