MPLINK 4.49, Linker
Linker Map File - Created Wed Aug 21 15:54:10 2019

                                 Section Info
                  Section       Type    Address   Location Size(Bytes)
                ---------  ---------  ---------  ---------  ---------
                   .org_0       code   0x000000    program   0x000000
                   .org_1       code   0x000000    program   0x000026



                              Program Memory Usage 
                               Start         End      
                           ---------   ---------      
                            0x000000    0x000012      
            19 out of 8454 program addresses used, program memory utilization is 0%



                              Symbols - Sorted by Name
                     Name    Address   Location    Storage File                     
                ---------  ---------  ---------  --------- ---------                
                    CHECK   0x00000b    program     static C:\Users\ahmet\OneDrive\Masaüstü\PIC\odevler\random\random.asm
                    START   0x000001    program     static C:\Users\ahmet\OneDrive\Masaüstü\PIC\odevler\random\random.asm
                   SWITCH   0x00000e    program     static C:\Users\ahmet\OneDrive\Masaüstü\PIC\odevler\random\random.asm
                WFRELEASE   0x00000e    program     static C:\Users\ahmet\OneDrive\Masaüstü\PIC\odevler\random\random.asm



                              Symbols - Sorted by Address
                     Name    Address   Location    Storage File                     
                ---------  ---------  ---------  --------- ---------                
                    START   0x000001    program     static C:\Users\ahmet\OneDrive\Masaüstü\PIC\odevler\random\random.asm
                    CHECK   0x00000b    program     static C:\Users\ahmet\OneDrive\Masaüstü\PIC\odevler\random\random.asm
                   SWITCH   0x00000e    program     static C:\Users\ahmet\OneDrive\Masaüstü\PIC\odevler\random\random.asm
                WFRELEASE   0x00000e    program     static C:\Users\ahmet\OneDrive\Masaüstü\PIC\odevler\random\random.asm


